// Jest Snapshot v1, https://goo.gl/fbAQLP

exports[`Quote Component matches snapshot 1`] = `
<div
  className="quote"
>
  <h1>
    Quote of the day
  </h1>
  <p
    className="quote-text"
  >
    Mathematics is not about numbers, equations, computations, or algorithms: it is about understanding. â€“William Paul ThurstonHomeCalculatorQuote
  </p>
</div>
`;
